
S00 SEED (Common)

S10 AUTHOR-OA (OA)
    S10: repair 1 (22 blocking)

S11 AUDIT-OA

S20 TRANSITION-OA-SA (SA)
  carried: 26 function(s), 24 flow(s), 7 actor(s), 11 capability(ies)

S21 AUTHOR-SA (SA)
    S21: repair 1 (2 blocking)

S22 AUDIT-SA

S30 TRANSITION-SA-LA (LA)
  carried: 28 function(s), 25 flow(s), 7 actor(s), 0 capability(ies)

S31 AUTHOR-LA-FUNCTIONS (LA)
  S31 starts from a generated skeleton: re-running S30 first

S30 TRANSITION-SA-LA (LA)
  carried: 28 function(s), 25 flow(s), 7 actor(s), 0 capability(ies)

S31 AUTHOR-LA-FUNCTIONS (LA)
    S31: repair 1 (3 blocking)

S32 ALTERNATIVES-LA (LA)
    S32 alt-2: merged Hazards into the layer's own package(s)
    S32 alt-2: dropped 1 statement(s) the function layer already has
    S32 alt-2: repair 1 (27 blocking)
    S32 alt-1: merged Hazards into the layer's own package(s)
    S32 alt-1: dropped 1 statement(s) the function layer already has
    S32 alt-1: repair 1 (12 blocking)
    S32 alt-2: balanced the section (0 stray closing, 1 missing)
    S32 alt-1: merged Hazards into the layer's own package(s)
    S32 alt-1: repair 2 (8 blocking)
    S32 alt-1: merged Hazards into the layer's own package(s)
  2 of 2 alternative(s) cleared their checks

S33 EVALUATE-LA (LA)
  chose alternative 2

S34 AUDIT-LA

S40 TRANSITION-LA-PA (PA)
  carried: 28 function(s), 25 flow(s), 7 actor(s), 0 capability(ies)

S41 ALTERNATIVES-PA (PA)
    S41 alt-2: repair 1 (21 blocking)
    S41 alt-1: repair 1 (15 blocking)
    S41 alt-2: dropped 9 statement(s) the function layer already has
    S41 alt-2: repair 2 (11 blocking)
  2 of 2 alternative(s) cleared their checks

S42 EVALUATE-PA (PA)
  chose alternative 2

S43 AUDIT-PA

S50 AUTHOR-EPBS (EPBS)
  S50: skeleton from T04 — 3 candidate item(s)
    S50: repair 1 (1 blocking)

S60 VERIFY-BONUS

S70 FINAL-AUDIT
SurveillanceDroneSwarm — autonomous mode, gates armed: G-SEED G-FINAL
  /home/xcos/Work/mbse-workflow/runs/v7
  21 model call(s), 40.43 USD, 9033 s over 2 legs

  S00  SEED                   done      gate:auto
  S01  REQ-INTAKE             skipped   — the requirements_intake lane is off
  S02  INFRA-INTAKE           skipped   — the infrastructure_intake lane is off
  S10  AUTHOR-OA              done     1 repair(s)
  S11  AUDIT-OA               done     
  S20  TRANSITION-OA-SA       done     
  S21  AUTHOR-SA              done     1 repair(s)
  S22  AUDIT-SA               done     
  S30  TRANSITION-SA-LA       done     
  S31  AUTHOR-LA-FUNCTIONS    done     1 repair(s)
  S32  ALTERNATIVES-LA        done     2 repair(s)
  S33  EVALUATE-LA            done     
  S34  AUDIT-LA               done     
  S40  TRANSITION-LA-PA       done     
  S41  ALTERNATIVES-PA        done     2 repair(s)
  S42  EVALUATE-PA            done     
  S43  AUDIT-PA               done     
  S50  AUTHOR-EPBS            done     1 repair(s)
  S60  VERIFY-BONUS           done     
  S70  FINAL-AUDIT            done      gate:auto

S60 VERIFY-BONUS

S70 FINAL-AUDIT
SurveillanceDroneSwarm — autonomous mode, gates armed: G-SEED G-FINAL
  /home/xcos/Work/mbse-workflow/runs/v7
  21 model call(s), 40.43 USD, 9033 s over 3 legs

  S00  SEED                   done      gate:auto
  S01  REQ-INTAKE             skipped   — the requirements_intake lane is off
  S02  INFRA-INTAKE           skipped   — the infrastructure_intake lane is off
  S10  AUTHOR-OA              done     1 repair(s)
  S11  AUDIT-OA               done     
  S20  TRANSITION-OA-SA       done     
  S21  AUTHOR-SA              done     1 repair(s)
  S22  AUDIT-SA               done     
  S30  TRANSITION-SA-LA       done     
  S31  AUTHOR-LA-FUNCTIONS    done     1 repair(s)
  S32  ALTERNATIVES-LA        done     2 repair(s)
  S33  EVALUATE-LA            done     
  S34  AUDIT-LA               done     
  S40  TRANSITION-LA-PA       done     
  S41  ALTERNATIVES-PA        done     2 repair(s)
  S42  EVALUATE-PA            done     
  S43  AUDIT-PA               done     
  S50  AUTHOR-EPBS            done     1 repair(s)
  S60  VERIFY-BONUS           done     
  S70  FINAL-AUDIT            done      gate:auto

S60 VERIFY-BONUS

S70 FINAL-AUDIT
SurveillanceDroneSwarm — autonomous mode, gates armed: G-SEED G-FINAL
  /home/xcos/Work/mbse-workflow/runs/v7
  21 model call(s), 40.43 USD, 9033 s over 4 legs

  S00  SEED                   done      gate:auto
  S01  REQ-INTAKE             skipped   — the requirements_intake lane is off
  S02  INFRA-INTAKE           skipped   — the infrastructure_intake lane is off
  S10  AUTHOR-OA              done     1 repair(s)
  S11  AUDIT-OA               done     
  S20  TRANSITION-OA-SA       done     
  S21  AUTHOR-SA              done     1 repair(s)
  S22  AUDIT-SA               done     
  S30  TRANSITION-SA-LA       done     
  S31  AUTHOR-LA-FUNCTIONS    done     1 repair(s)
  S32  ALTERNATIVES-LA        done     2 repair(s)
  S33  EVALUATE-LA            done     
  S34  AUDIT-LA               done     
  S40  TRANSITION-LA-PA       done     
  S41  ALTERNATIVES-PA        done     2 repair(s)
  S42  EVALUATE-PA            done     
  S43  AUDIT-PA               done     
  S50  AUTHOR-EPBS            done     1 repair(s)
  S60  VERIFY-BONUS           done     
  S70  FINAL-AUDIT            done      gate:auto
